// Jest Snapshot v1, https://goo.gl/fbAQLP

exports[`Logos component Snapshot test 1`] = `
<div
  className="link-div d-flex align-items-center h-100"
>
  <div
    className="mx-1"
  >
    <h5
      className="home-links-text"
    />
    <h6
      className="home-links-text"
    >
      Rank:
    </h6>
  </div>
</div>
`;
